export const snapshot = {};

snapshot[`Testing evaluate 1`] = `'<h1>Example Domain</h1><p>This domain is for use in documentation examples without needing permission. Avoid use in operations.</p><p><a href="https://iana.org/domains/example">Learn more</a></p>'`;

snapshot[`Testing evaluate 2`] = `
"Example Domain

This domain is for use in documentation examples without needing permission. Avoid use in operations.

Learn more"
`;
